mode: set
github.com/luigizuccarelli/golang-openshift-api/pkg/validator/validate.go:13.59,17.27 4 1
github.com/luigizuccarelli/golang-openshift-api/pkg/validator/validate.go:25.2,25.12 1 1
github.com/luigizuccarelli/golang-openshift-api/pkg/validator/validate.go:17.27,18.15 1 0
github.com/luigizuccarelli/golang-openshift-api/pkg/validator/validate.go:23.3,23.69 1 0
github.com/luigizuccarelli/golang-openshift-api/pkg/validator/validate.go:18.15,21.4 2 0
github.com/luigizuccarelli/golang-openshift-api/pkg/validator/validate.go:30.50,37.23 2 1
github.com/luigizuccarelli/golang-openshift-api/pkg/validator/validate.go:42.2,42.12 1 1
github.com/luigizuccarelli/golang-openshift-api/pkg/validator/validate.go:37.23,38.54 1 1
github.com/luigizuccarelli/golang-openshift-api/pkg/validator/validate.go:38.54,40.4 1 0
github.com/luigizuccarelli/golang-openshift-api/pkg/handlers/handler.go:22.80,27.16 5 1
github.com/luigizuccarelli/golang-openshift-api/pkg/handlers/handler.go:32.2,34.14 3 1
github.com/luigizuccarelli/golang-openshift-api/pkg/handlers/handler.go:38.2,39.18 2 1
github.com/luigizuccarelli/golang-openshift-api/pkg/handlers/handler.go:27.16,30.3 2 0
github.com/luigizuccarelli/golang-openshift-api/pkg/handlers/handler.go:34.14,37.3 2 0
github.com/luigizuccarelli/golang-openshift-api/pkg/handlers/handler.go:42.88,45.16 2 1
github.com/luigizuccarelli/golang-openshift-api/pkg/handlers/handler.go:48.2,50.16 3 1
github.com/luigizuccarelli/golang-openshift-api/pkg/handlers/handler.go:54.2,54.20 1 1
github.com/luigizuccarelli/golang-openshift-api/pkg/handlers/handler.go:45.16,47.3 1 0
github.com/luigizuccarelli/golang-openshift-api/pkg/handlers/handler.go:50.16,53.3 2 0
github.com/luigizuccarelli/golang-openshift-api/pkg/handlers/handler.go:57.77,60.24 3 1
github.com/luigizuccarelli/golang-openshift-api/pkg/handlers/handler.go:63.2,63.12 1 1
github.com/luigizuccarelli/golang-openshift-api/pkg/handlers/handler.go:60.24,62.3 1 1
github.com/luigizuccarelli/golang-openshift-api/pkg/handlers/handler.go:66.95,68.17 2 1
github.com/luigizuccarelli/golang-openshift-api/pkg/handlers/handler.go:107.2,107.15 1 1
github.com/luigizuccarelli/golang-openshift-api/pkg/handlers/handler.go:69.12,70.25 1 1
github.com/luigizuccarelli/golang-openshift-api/pkg/handlers/handler.go:85.12,87.23 2 1
github.com/luigizuccarelli/golang-openshift-api/pkg/handlers/handler.go:92.12,94.23 2 1
github.com/luigizuccarelli/golang-openshift-api/pkg/handlers/handler.go:99.12,101.24 2 1
github.com/luigizuccarelli/golang-openshift-api/pkg/handlers/handler.go:70.25,71.28 1 0
github.com/luigizuccarelli/golang-openshift-api/pkg/handlers/handler.go:76.4,76.17 1 0
github.com/luigizuccarelli/golang-openshift-api/pkg/handlers/handler.go:71.28,72.36 1 0
github.com/luigizuccarelli/golang-openshift-api/pkg/handlers/handler.go:72.36,74.6 1 0
github.com/luigizuccarelli/golang-openshift-api/pkg/handlers/handler.go:77.9,79.25 2 1
github.com/luigizuccarelli/golang-openshift-api/pkg/handlers/handler.go:79.25,81.5 1 1
github.com/luigizuccarelli/golang-openshift-api/pkg/handlers/handler.go:81.10,83.5 1 1
github.com/luigizuccarelli/golang-openshift-api/pkg/handlers/handler.go:87.23,89.4 1 1
github.com/luigizuccarelli/golang-openshift-api/pkg/handlers/handler.go:89.9,91.4 1 1
github.com/luigizuccarelli/golang-openshift-api/pkg/handlers/handler.go:94.23,96.4 1 1
github.com/luigizuccarelli/golang-openshift-api/pkg/handlers/handler.go:96.9,98.4 1 1
github.com/luigizuccarelli/golang-openshift-api/pkg/handlers/handler.go:101.24,103.4 1 1
github.com/luigizuccarelli/golang-openshift-api/pkg/handlers/handler.go:103.9,105.4 1 1
github.com/luigizuccarelli/golang-openshift-api/pkg/handlers/handler.go:111.80,120.16 9 1
github.com/luigizuccarelli/golang-openshift-api/pkg/handlers/handler.go:123.2,123.10 1 1
github.com/luigizuccarelli/golang-openshift-api/pkg/handlers/handler.go:128.2,128.17 1 1
github.com/luigizuccarelli/golang-openshift-api/pkg/handlers/handler.go:120.16,122.3 1 0
github.com/luigizuccarelli/golang-openshift-api/pkg/handlers/handler.go:123.10,125.3 1 0
github.com/luigizuccarelli/golang-openshift-api/pkg/handlers/handler.go:125.8,127.3 1 1
github.com/luigizuccarelli/golang-openshift-api/pkg/handlers/handler.go:131.37,133.12 2 1
github.com/luigizuccarelli/golang-openshift-api/pkg/handlers/handler.go:138.2,139.16 2 1
github.com/luigizuccarelli/golang-openshift-api/pkg/handlers/handler.go:142.2,142.12 1 1
github.com/luigizuccarelli/golang-openshift-api/pkg/handlers/handler.go:133.12,136.3 2 1
github.com/luigizuccarelli/golang-openshift-api/pkg/handlers/handler.go:139.16,141.3 1 0
